[www.economicshelp.org/index.html]
[backblue.gif]
[fade.gif]
[index.html]
[www.economicshelp.org/wp-includes/css/dist/block-library/style.min5b21.css]
[www.economicshelp.org/wp-content/plugins/woocommerce/packages/woocommerce-blocks/build/wc-blocks-vendors-style5d50.css]
[www.economicshelp.org/wp-content/plugins/woocommerce/packages/woocommerce-blocks/build/wc-blocks-style5d50.css]
[www.economicshelp.org/wp-content/plugins/anti-spam/assets/css/admin-bard5a8.css]
[www.economicshelp.org/wp-content/plugins/cookie-law-info/public/css/cookie-law-info-public431f.css]
[www.economicshelp.org/wp-content/plugins/cookie-law-info/public/css/cookie-law-info-gdpr431f.css]
[www.economicshelp.org/wp-content/plugins/woocommerce-follow-up-emails/templates/followups7ead.css]
[www.economicshelp.org/wp-content/plugins/woocommerce/assets/css/woocommerce-layout2cfc.css]
[www.economicshelp.org/feed/index.html]
[www.economicshelp.org/wp-content/plugins/woocommerce/assets/css/woocommerce-smallscreen2cfc.css]
[www.economicshelp.org/comments/feed/index.html]
[www.economicshelp.org/wp-content/plugins/woocommerce/assets/css/woocommerce2cfc.css]
[www.economicshelp.org/wp-content/plugins/wp-glossary/css/wp-glossary5b21.css]
[www.economicshelp.org/front-page/feed/index.html]
[www.economicshelp.org/wp-content/plugins/wp-glossary/ext/jquery.qtip5b21.css]
[www.economicshelp.org/wp-content/uploads/uag-plugin/custom-style-blocks7b2b.css]
[www.economicshelp.org/wp-content/themes/generatepress/assets/css/all.min583f.css]
[www.economicshelp.org/wp-content/themes/generatepress/assets/css/components/font-icons.min583f.css]
[www.economicshelp.org/wp-content/plugins/gp-premium/menu-plus/functions/css/navigation-branding.min431f.css]
[www.economicshelp.org/wp-content/plugins/gp-premium/woocommerce/functions/css/woocommerce.min431f.css]
[www.economicshelp.org/wp-content/plugins/gp-premium/woocommerce/functions/css/woocommerce-mobile.min431f.css]
[www.economicshelp.org/wp-content/plugins/gp-premium/general/icons/icons.min431f.css]
[www.economicshelp.org/wp-includes/js/jquery/jquery.minaf6c.js]
[www.economicshelp.org/wp-includes/js/jquery/jquery-migrate.mind617.js]
[www.economicshelp.org/wp-content/plugins/cookie-law-info/public/js/cookie-law-info-public431f.js]
[www.economicshelp.org/wp-content/plugins/woocommerce-follow-up-emails/templates/js/fue-account-subscriptions7ead.js]
[www.economicshelp.org/wp-json/index.html]
[www.economicshelp.org/wp-json/wp/v2/pages/7721.json]
[www.economicshelp.org/xmlrpc0db0.php]
[www.economicshelp.org/wp-includes/wlwmanifest.xml]
[www.economicshelp.org/wp-content/cache/busting/google-tracking/ga-99ba52a15d2da967b023016d1af58cbd.js]
[www.economicshelp.org/xmlrpc.php]
[www.economicshelp.org/wp-content/uploads/2017/09/cropped-economicshelp-box-32x32.jpg]
[www.economicshelp.org/wp-content/uploads/2017/09/cropped-economicshelp-box-192x192.jpg]
[www.economicshelp.org/wp-content/uploads/2017/09/cropped-economicshelp-box-180x180.jpg]
[www.economicshelp.org/wp-content/uploads/2013/07/logo.png.webp]
[www.economicshelp.org/wp-content/uploads/2013/07/logo.png]
[www.economicshelp.org/shop/index.html]
[www.economicshelp.org/cart/index.html]
[www.economicshelp.org/blog/index.html]
[www.economicshelp.org/economics-a-z/index.html]
[www.economicshelp.org/wp-content/uploads/2010/04/a-level-economics-revision-guide-1-200x280.jpg]
[www.economicshelp.org/contact/index.html]
[www.economicshelp.org/microessays/index.html]
[www.economicshelp.org/wp-content/uploads/2017/04/A-level-Model-Essays-600-200x279.jpg]
[www.economicshelp.org/macroeconomics/index.html]
[www.economicshelp.org/shop/revision-guide/index.html]
[www.economicshelp.org/shop/a-level-essays/index.html]
[www.economicshelp.org/wp-content/uploads/2010/04/Exam-Tips-200x279.jpg]
[www.economicshelp.org/wp-content/uploads/2015/03/as-revision-guide-200x280.jpg]
[www.economicshelp.org/shop/study-tips-economics/index.html]
[www.economicshelp.org/shop/as-revision-guide/index.html]
[www.economicshelp.org/wp-content/uploads/2017/09/cracking-economics-300-200x239.jpg]
[www.economicshelp.org/shop/cracking-economics/index.html]
[www.economicshelp.org/macroeconomics/economic-growth/index.html]
[www.economicshelp.org/macroeconomics/fiscal-policy/fiscal_policy/index.html]
[www.economicshelp.org/macroeconomics/monetary-policy/index.html]
[www.economicshelp.org/wp-content/uploads/2022/06/pound-dollar-2022-26-sept-arrow-768x500.png]
[www.economicshelp.org/trade/index.html]
[www.economicshelp.org/macroeconomics/inflation/index.html]
[www.economicshelp.org/wp-content/uploads/2017/02/us-bond-yields-70-2016-768x518.png]
[www.economicshelp.org/blog/31/supply-side/supply-side-policies/index.html]
[www.economicshelp.org/macroeconomics/unemployment/index.html]
[www.economicshelp.org/microessays/equilibrium/price-elasticity-demand/index.html]
[www.economicshelp.org/wp-content/uploads/2022/05/value-russian-ruble.jpg]
[www.economicshelp.org/micro-economic-essays/marketfailure/index.html]
[www.economicshelp.org/wp-content/uploads/2022/09/10-year-gilts-daily-16-22-web-1-768x521.png]
[www.economicshelp.org/wp-content/uploads/2022/09/ir-28-sep-2022-web-arrow-768x479.png]
[www.economicshelp.org/microessays/equilibrium/govt-intervention/index.html]
[www.economicshelp.org/wp-content/uploads/2016/12/cracking-economics-170-211.jpg.webp]
[www.economicshelp.org/blog/glossary/behavioural-economics/index.html]
[www.economicshelp.org/labour-markets/index.html]
[www.economicshelp.org/microessays/markets/index.html]
[www.economicshelp.org/blog/160660/economics/explaining-supply-and-demand-2/index.html]
[www.economicshelp.org/wp-content/uploads/2016/12/cracking-economics-170-211.jpg]
[www.economicshelp.org/blog/171099/economics/britains-new-winter-of-discontent/index.html]
[www.economicshelp.org/blog/5604/economics/uk-bond-yields-explained/index.html]
[www.economicshelp.org/blog/171036/economics/russia-v-europe-impact-of-economic-sanctions/index.html]
[www.economicshelp.org/wp-content/uploads/2021/06/economics-without-boring-400.jpg.webp]
[www.economicshelp.org/blog/171028/economics/the-uks-self-imposed-economic-crisis-explained/index.html]
[www.economicshelp.org/blog/171017/economics/why-rising-interest-rates-would-hurt-the-uk-economy/index.html]
[www.economicshelp.org/wp-content/uploads/2021/06/economics-without-boring-400.jpg]
[www.economicshelp.org/blog/170996/economics/the-effect-of-fall-in-pound-sterling/index.html]
[www.economicshelp.org/reviews-economics-help/index.html]
[www.economicshelp.org/wp-content/uploads/2019/11/information-100.png.webp]
[www.economicshelp.org/blog/166383/economics/economics-without-the-boring-bits-new-book/index.html]
[www.economicshelp.org/wp-content/uploads/2019/11/information-100.png]
[www.economicshelp.org/wp-content/uploads/2019/11/tejvan-100.jpg.webp]
[www.economicshelp.org/wp-content/uploads/2019/11/tejvan-100.jpg]
[www.economicshelp.org/wp-content/plugins/cookie-law-info/public/images/logo-cookieyes.svg]
[www.economicshelp.org/blog/12640/economics/ask-question-2015/index.html]
[secure.statcounter.com/counter/counter.js]
[www.economicshelp.org/wp-content/plugins/cookie-law-info/public/css/cookie-law-info-table431f.css]
[www.economicshelp.org/wp-content/plugins/woocommerce-follow-up-emails/templates/js/fue-front7ead.js]
[www.economicshelp.org/about-2/index.html]
[www.economicshelp.org/wp-content/plugins/woocommerce/assets/js/jquery-blockui/jquery.blockUI.min812b.js]
[www.economicshelp.org/terms-and-conditions/index.html]
[www.economicshelp.org/wp-content/plugins/woocommerce/assets/js/frontend/add-to-cart.min2cfc.js]
[www.economicshelp.org/wp-content/plugins/woocommerce/assets/js/js-cookie/js.cookie.min0f0c.js]
[www.economicshelp.org/wp-content/plugins/woocommerce/assets/js/frontend/woocommerce.min2cfc.js]
[www.economicshelp.org/wp-content/plugins/woocommerce/assets/js/frontend/cart-fragments.min2cfc.js]
[www.economicshelp.org/help/privacy/index.html]
[www.economicshelp.org/wp-content/themes/generatepress/assets/js/menu.min583f.js]
[www.economicshelp.org/wp-content/themes/generatepress/assets/js/navigation-search.min583f.js]
[www.economicshelp.org/wp-content/themes/generatepress/assets/js/back-to-top.min583f.js]
[www.economicshelp.org/wp-content/plugins/gp-premium/woocommerce/functions/js/woocommerce.min431f.js]
[www.economicshelp.org/index.html]
[www.economicshelp.org/wp-includes/css/dist/block-library/style.min5b21.css]
[www.economicshelp.org/wp-content/plugins/woocommerce/packages/woocommerce-blocks/build/wc-blocks-vendors-style5d50.css]
[www.economicshelp.org/wp-content/plugins/woocommerce/packages/woocommerce-blocks/build/wc-blocks-style5d50.css]
[www.economicshelp.org/cdn-cgi/scripts/7d0fa10a/cloudflare-static/rocket-loader.min.js]
[www.economicshelp.org/checkout/index.html]
[www.economicshelp.org/wp-content/plugins/anti-spam/assets/img/titan-icon.png]
[www.economicshelp.org/wp-content/plugins/anti-spam/assets/css/admin-bard5a8.css]
[www.economicshelp.org/wp-content/plugins/cookie-law-info/public/css/cookie-law-info-public431f.css]
[www.economicshelp.org/wp-content/plugins/cookie-law-info/public/css/cookie-law-info-gdpr431f.css]
[www.economicshelp.org/wp-content/plugins/woocommerce-follow-up-emails/templates/followups7ead.css]
[www.economicshelp.org/wp-content/plugins/woocommerce/assets/css/woocommerce-layout2cfc.css]
[www.economicshelp.org/wp-content/plugins/woocommerce/assets/css/woocommerce-smallscreen2cfc.css]
[www.economicshelp.org/wp-content/plugins/woocommerce/assets/fonts/star.eot]
[www.economicshelp.org/wp-content/plugins/woocommerce/assets/fonts/stard41d.eot]
[www.economicshelp.org/wp-content/plugins/woocommerce/assets/fonts/star.woff]
[www.economicshelp.org/wp-content/plugins/woocommerce/assets/fonts/star.ttf]
[www.economicshelp.org/wp-content/plugins/woocommerce/assets/fonts/star.svg]
[www.economicshelp.org/wp-content/plugins/woocommerce/assets/fonts/WooCommerce.eot]
[www.economicshelp.org/wp-content/plugins/woocommerce/assets/fonts/WooCommerced41d.eot]
[www.economicshelp.org/wp-content/plugins/woocommerce/assets/fonts/WooCommerce.woff]
[www.economicshelp.org/wp-content/plugins/woocommerce/assets/fonts/WooCommerce.ttf]
[www.economicshelp.org/wp-content/plugins/woocommerce/assets/fonts/WooCommerce.svg]
[www.economicshelp.org/wp-content/plugins/woocommerce/assets/images/icons/loader.svg]
[www.economicshelp.org/wp-content/plugins/woocommerce/assets/images/icons/credit-cards/visa.svg]
[www.economicshelp.org/wp-content/plugins/woocommerce/assets/images/icons/credit-cards/mastercard.svg]
[www.economicshelp.org/wp-content/plugins/woocommerce/assets/images/icons/credit-cards/laser.svg]
[www.economicshelp.org/wp-content/plugins/woocommerce/assets/images/icons/credit-cards/diners.svg]
[www.economicshelp.org/wp-content/plugins/woocommerce/assets/images/icons/credit-cards/maestro.svg]
[www.economicshelp.org/wp-content/plugins/woocommerce/assets/images/icons/credit-cards/jcb.svg]
[www.economicshelp.org/wp-content/plugins/woocommerce/assets/images/icons/credit-cards/amex.svg]
[www.economicshelp.org/wp-content/plugins/woocommerce/assets/css/woocommerce2cfc.css]
[www.economicshelp.org/wp-content/plugins/wp-glossary/css/wp-glossary5b21.css]
[www.economicshelp.org/wp-content/plugins/wp-glossary/ext/jquery.qtip5b21.css]
[www.economicshelp.org/wp-content/uploads/uag-plugin/custom-style-blocks7b2b.css]
[www.economicshelp.org/wp-content/themes/generatepress/assets/css/all.min583f.css]
[www.economicshelp.org/wp-content/plugins/woocommerce/assets/images/icons/credit-cards/discover.svg]
[www.economicshelp.org/wp-content/themes/generatepress/assets/fonts/generatepress.eot]
[www.economicshelp.org/wp-content/themes/generatepress/assets/fonts/generatepress.woff2]
[www.economicshelp.org/wp-content/themes/generatepress/assets/fonts/generatepress.woff]
[www.economicshelp.org/wp-content/themes/generatepress/assets/fonts/generatepress.ttf]
[www.economicshelp.org/wp-content/themes/generatepress/assets/css/components/font-icons.min583f.css]
[www.economicshelp.org/wp-content/plugins/gp-premium/menu-plus/functions/css/navigation-branding.min431f.css]
[www.economicshelp.org/wp-content/plugins/gp-premium/woocommerce/functions/css/woocommerce.min431f.css]
[www.economicshelp.org/wp-content/plugins/gp-premium/woocommerce/functions/css/woocommerce-mobile.min431f.css]
[www.economicshelp.org/wp-content/themes/generatepress/assets/fonts/generatepress.svg]
[www.economicshelp.org/wp-content/plugins/gp-premium/general/icons/gp-premium.eot]
[www.economicshelp.org/wp-content/plugins/gp-premium/general/icons/gp-premium.ttf]
[www.economicshelp.org/wp-content/plugins/gp-premium/general/icons/gp-premium.woff]
[www.economicshelp.org/wp-content/plugins/gp-premium/general/icons/icons.min431f.css]
[www.economicshelp.org/xmlrpc0db0.html]
[www.economicshelp.org/xmlrpc.html]
[www.economicshelp.org/wp-content/plugins/gp-premium/general/icons/gp-premium.svg]
[www.economicshelp.org/wp-content/uploads/2017/09/cropped-economicshelp-box.jpg]
[www.economicshelp.org/wp-content/plugins/woocommerce/assets/css/select22cfc.css]
[www.economicshelp.org/wp-content/plugins/woocommerce-gateway-stripe/assets/css/stripe-stylesbdeb.css]
[www.economicshelp.org/wp-includes/js/zxcvbn-async.min5152.js]
[www.economicshelp.org/wp-content/plugins/woocommerce/assets/js/frontend/tokenization-form.min2cfc.js]
[www.economicshelp.org/wp-content/plugins/woocommerce-gateway-stripe/assets/js/jquery.mask.minbdeb.js]
[www.economicshelp.org/wp-json/wp/v2/pages/2431.json]
[www.google-analytics.com/analytics.js]
[www.economicshelp.org/wp-content/uploads/2011/03/products-296.jpg.webp]
[www.economicshelp.org/wp-content/uploads/2011/03/products-296.jpg]
[www.economicshelp.org/wp-content/uploads/2019/11/a-level-economics-revision-guide.png.webp]
[www.economicshelp.org/wp-content/uploads/2019/11/a-level-economics-revision-guide.png]
[www.economicshelp.org/wp-content/uploads/2019/11/as-revision-guide.png.webp]
[www.economicshelp.org/wp-content/uploads/2019/11/as-revision-guide.png]
[www.economicshelp.org/wp-content/uploads/2013/08/A-level-Model-Essays-125-1.jpg.webp]
[www.economicshelp.org/wp-content/uploads/2013/08/A-level-Model-Essays-125-1.jpg]
[www.economicshelp.org/wp-content/uploads/2019/11/gcse-economics.png.webp]
[www.economicshelp.org/blog/author/tejvan/index.html]
[www.economicshelp.org/shop/gcse-economics/index.html]
[www.economicshelp.org/wp-content/uploads/2019/11/gcse-economics.png]
[www.economicshelp.org/blog/76/economics/wall-street-crash-1929/index.html]
[www.economicshelp.org/blog/5948/economics/uk-economy-in-the-1920s/index.html]
[www.economicshelp.org/blog/6801/economics/keynesian-economics/index.html]
[www.economicshelp.org/blog/749/economics/understanding-exchange-rate/index.html]
[www.economicshelp.org/wp-content/plugins/woocommerce/assets/js/frontend/country-select.min2cfc.js]
[www.economicshelp.org/blog/634/economics/the-problem-with-printing-money/index.html]
[www.economicshelp.org/blog/6399/economics/impact-of-immigration-on-uk-economy/index.html]
[www.economicshelp.org/blog/glossary/seigniorage/index.html]
[www.economicshelp.org/wp-content/plugins/woocommerce/assets/js/frontend/address-i18n.min2cfc.js]
[www.economicshelp.org/stats/index.html]
[www.economicshelp.org/wp-content/plugins/woocommerce/assets/js/frontend/cart.min2cfc.js]
[www.economicshelp.org/wp-content/plugins/woocommerce/assets/js/selectWoo/selectWoo.full.min7016.js]
[www.economicshelp.org/wp-includes/js/dist/vendor/regenerator-runtime.min3937.js]
[www.economicshelp.org/wp-includes/js/dist/vendor/wp-polyfill.min2c7c.js]
[www.economicshelp.org/wp-includes/js/dist/hooks.mincbb5.js]
[www.economicshelp.org/wp-includes/js/dist/i18n.min771a.js]
[www.economicshelp.org/wp-admin/js/password-strength-meter.min5b21.js]
[www.economicshelp.org/wp-content/plugins/woocommerce/assets/js/frontend/password-strength-meter.min2cfc.js]
[www.economicshelp.org/wp-content/plugins/woocommerce-gateway-stripe/assets/js/stripe-payment-request.minbdeb.js]
[www.economicshelp.org/wp-content/plugins/woocommerce/assets/js/jquery-payment/jquery.payment.min56e7.js]
[www.economicshelp.org/cart/index.html]
[www.economicshelp.org/wp-content/plugins/woocommerce-gateway-stripe/assets/js/stripe.minbdeb.js]
[www.economicshelp.org/wp-content/uploads/2010/04/a-level-economics-revision-guide-1.jpg]
[www.economicshelp.org/wp-content/uploads/2010/04/a-level-economics-revision-guide-1-429x600.jpg]
[www.economicshelp.org/wp-content/plugins/gp-premium/blog/functions/css/featured-images.min431f.css]
[www.economicshelp.org/wp-content/uploads/2010/04/AS-Model-Essays-200x279.jpg]
[www.economicshelp.org/shop/feed/index.html]
[www.economicshelp.org/shop/page/2/index.html]
[www.economicshelp.org/wp-content/uploads/2015/07/AQA-alevel-revision-guide-ebook-200x280.jpg]
[www.economicshelp.org/wp-content/uploads/2010/04/GCSE-Economics-e-book-200x283.jpg]
[www.economicshelp.org/shop/index.html]
[www.economicshelp.org/shop/as-essays/index.html]
[www.economicshelp.org/shop/aqa-revision-guide/index.html]
[www.economicshelp.org/wp-json/wp/v2/pages/1090.json]
[www.economicshelp.org/shop/page/3/index.html]
[pagead2.googlesyndication.com/pagead/js/f.txt]
[www.economicshelp.org/economics-a-z/feed/index.html]
[www.economicshelp.org/blog/glossary/ability-to-pay/index.html]
[www.economicshelp.org/blog/glossary/apriori/index.html]
[www.economicshelp.org/blog/glossary/absorbed-costs/index.html]
[www.economicshelp.org/blog/glossary/absolute-advantage/index.html]
[www.economicshelp.org/blog/glossary/accelerated-depreciation/index.html]
[www.economicshelp.org/blog/glossary/accommodatory-monetary-policy/index.html]
[www.economicshelp.org/blog/glossary/absorption/index.html]
[www.economicshelp.org/blog/glossary/actuary/index.html]
[www.economicshelp.org/blog/glossary/adaptive-expectations/index.html]
[www.economicshelp.org/blog/glossary/adjustable-peg/index.html]
[www.economicshelp.org/blog/glossary/adjustment-costs/index.html]
[www.economicshelp.org/blog/glossary/adverse-selection/index.html]
[www.economicshelp.org/blog/glossary/after-sales-service/index.html]
[www.economicshelp.org/blog/glossary/after-tax-income/index.html]
[www.economicshelp.org/blog/glossary/aggregate-supply/index.html]
[www.economicshelp.org/blog/glossary/agglomeration-economies/index.html]
[www.economicshelp.org/blog/glossary/agricultural-protection/index.html]
[www.economicshelp.org/blog/glossary/all-share/index.html]
[www.economicshelp.org/blog/glossary/announcement-effect/index.html]
[www.economicshelp.org/blog/glossary/allocative-efficiency/index.html]
[www.economicshelp.org/blog/glossary/anti-dumping/index.html]
[www.economicshelp.org/blog/glossary/anti-pollution/index.html]
[www.economicshelp.org/blog/glossary/arbitration/index.html]
[www.economicshelp.org/blog/glossary/anti-trust/index.html]
[www.economicshelp.org/blog/glossary/arbitrage-what-is-it/index.html]
[www.economicshelp.org/blog/glossary/arc-elasticity/index.html]
[www.economicshelp.org/blog/glossary/financial-crisis-asia-1997/index.html]
[www.economicshelp.org/blog/glossary/arithmetic-mean/index.html]
[www.economicshelp.org/blog/glossary/assembly-lines/index.html]
[www.economicshelp.org/blog/glossary/asset-motive/index.html]
[www.economicshelp.org/blog/glossary/asset-prices/index.html]
[www.economicshelp.org/wp-content/plugins/wp-glossary/ext/jquery.qtip5b21.js]
[www.economicshelp.org/blog/glossary/asset-stripping/index.html]
[www.economicshelp.org/blog/glossary/assisted-areas/index.html]
[www.economicshelp.org/blog/glossary/asymmetric-information/index.html]
[www.economicshelp.org/wp-content/plugins/wp-glossary/js/wp-glossary-qtip25b21.js]
[www.economicshelp.org/blog/glossary/atomistic-competition/index.html]
[www.economicshelp.org/blog/glossary/audit/index.html]
[www.economicshelp.org/blog/glossary/auction-theory/index.html]
[www.economicshelp.org/economics-a-z/index.html]
[www.economicshelp.org/wp-content/plugins/wp-glossary/js/wp-glossary-atoz5b21.js]
[www.economicshelp.org/blog/glossary/austrian-school/index.html]
[www.economicshelp.org/blog/glossary/autarky/index.html]
[www.economicshelp.org/blog/glossary/automation-meaning-and-examples/index.html]
[www.economicshelp.org/blog/glossary/automatic-stabilisers/index.html]
[www.economicshelp.org/wp-content/uploads/2022/06/pound-dollar-2022-26-sept-arrow.png]
[www.economicshelp.org/blog/glossary/autonomous-consumption/index.html]
[www.economicshelp.org/blog/glossary/average-costs/index.html]
[www.economicshelp.org/blog/glossary/average-cost-pricing/index.html]
[www.economicshelp.org/wp-content/uploads/2017/02/us-bond-yields-70-2016.png]
[www.economicshelp.org/blog/glossary/avoidable-costs/index.html]
[www.economicshelp.org/blog/glossary/backward-bending-supply/index.html]
[www.economicshelp.org/blog/glossary/balance-payments/index.html]
[www.economicshelp.org/blog/glossary/balance-of-trade/index.html]
[www.economicshelp.org/wp-content/uploads/2022/09/bond-yield-price.04.png]
[www.economicshelp.org/blog/glossary/balanced-budget/index.html]
[www.economicshelp.org/blog/glossary/balanced-growth/index.html]
[www.economicshelp.org/blog/glossary/bank-deposit-insurance/index.html]
[www.economicshelp.org/blog/glossary/bank-deposit-protection/index.html]
[www.economicshelp.org/wp-content/uploads/2022/09/uk-10-year-gilt-93-22-web-1.png]
[www.economicshelp.org/blog/glossary/bank-loans/index.html]
[www.economicshelp.org/wp-content/uploads/2022/09/10-year-gilts-daily-16-22-web-1.png]
[www.economicshelp.org/blog/glossary/bank-notes/index.html]
[www.economicshelp.org/blog/glossary/bank-england/index.html]
[www.economicshelp.org/wp-content/uploads/2022/09/ir-28-sep-2022-web-arrow.png]
[www.economicshelp.org/blog/glossary/bank-england-exchange-rates/index.html]
[www.economicshelp.org/blog/glossary/bank-england-interest-rates/index.html]
[www.economicshelp.org/wp-content/uploads/2022/09/10-year-gilts-daily-16-22-web.png]
[www.economicshelp.org/wp-content/uploads/2017/07/sterling-exchange-rate-index-80-22-marks.png]
[www.economicshelp.org/blog/index.html]
[www.economicshelp.org/blog/glossary/banking-regulation/index.html]
[www.economicshelp.org/blog/glossary/barter-economy/index.html]
[www.economicshelp.org/blog/glossary/base-rates/index.html]
[www.economicshelp.org/blog/glossary/base-year/index.html]
[www.economicshelp.org/blog/glossary/basic-economic-problem/index.html]
[www.economicshelp.org/blog/glossary/basic-rate-income-tax/index.html]
[www.economicshelp.org/blog/glossary/bear-market/index.html]
[www.economicshelp.org/wp-content/uploads/2013/08/tejvan-2013-aug.png]
[www.economicshelp.org/blog/glossary/basis-points/index.html]
[www.economicshelp.org/blog/glossary/behavioural-theories/index.html]
[www.economicshelp.org/blog/glossary/benefits-in-kind/index.html]
[www.economicshelp.org/wp-json/wp/v2/pages/3435.json]
[www.economicshelp.org/blog/glossary/benefit-principle/index.html]
[www.economicshelp.org/blog/glossary/bertrand-competition/index.html]
[www.economicshelp.org/cdn-cgi/l/email-protection.html]
[www.economicshelp.org/blog/glossary/benefit-system/index.html]
[www.economicshelp.org/blog/glossary/big-four-banks/index.html]
[www.economicshelp.org/blog/glossary/bilateral-monopoly/index.html]
[www.economicshelp.org/contact/index.html]
[www.economicshelp.org/cdn-cgi/scripts/5c5dd728/cloudflare-static/email-decode.min.js]
[www.economicshelp.org/blog/glossary/bilateral-trade/index.html]
[www.economicshelp.org/blog/glossary/bills-exchange/index.html]
[www.economicshelp.org/blog/glossary/bills/index.html]
[www.economicshelp.org/blog/glossary/black-market/index.html]
[www.economicshelp.org/wp-json/wp/v2/pages/2613.json]
[www.economicshelp.org/blog/glossary/black-monday/index.html]
[www.economicshelp.org/blog/glossary/black-thursday/index.html]
[www.economicshelp.org/microessays/index.html]
[www.economicshelp.org/blog/glossary/black-wednesday/index.html]
[www.economicshelp.org/blog/glossary/bond-markets/index.html]
[www.economicshelp.org/wp-content/uploads/2015/02/macroeconomic-objectives.jpg]
[www.economicshelp.org/blog/glossary/bounded-rationality/index.html]
[www.economicshelp.org/blog/glossary/brain-drain-problem/index.html]
[www.economicshelp.org/blog/glossary/brand-loyalty/index.html]
[www.economicshelp.org/blog/glossary/break-even-price/index.html]
[www.economicshelp.org/wp-content/uploads/2015/02/macroeconomic-objectives-600x434.jpg]
[www.economicshelp.org/blog/glossary/bretton-woods/index.html]
[www.economicshelp.org/blog/glossary/broad-money/index.html]
[www.economicshelp.org/blog/glossary/budget-constraints/index.html]
[www.economicshelp.org/blog/glossary/budget-surplus/index.html]
[www.economicshelp.org/wp-json/wp/v2/pages/2512.json]
[www.economicshelp.org/blog/glossary/buffer-stocks/index.html]
[www.economicshelp.org/blog/glossary/building-societies/index.html]
[www.economicshelp.org/blog/glossary/bull-market/index.html]
[www.economicshelp.org/blog/glossary/business-cycle/index.html]
[www.economicshelp.org/blog/glossary/cabotage/index.html]
[www.economicshelp.org/blog/glossary/buyers-market/index.html]
[www.economicshelp.org/blog/glossary/business-ethics/index.html]
[www.economicshelp.org/blog/glossary/cairns-group/index.html]
[www.economicshelp.org/blog/glossary/call-money/index.html]
[www.economicshelp.org/blog/glossary/capital-account-balance-payments/index.html]
[www.economicshelp.org/blog/glossary/capital-accumulation/index.html]
[www.economicshelp.org/blog/glossary/capital-consumption/index.html]
[www.economicshelp.org/blog/glossary/capital-depreciation-definition-and-meaning/index.html]
[www.economicshelp.org/blog/glossary/capital-expenditure/index.html]
[www.economicshelp.org/blog/glossary/capital-flight/index.html]
[www.economicshelp.org/blog/glossary/avoiding-cgt/index.html]
[www.economicshelp.org/macroeconomics/index.html]
[www.economicshelp.org/blog/glossary/capital-goods/index.html]
[www.economicshelp.org/blog/glossary/capital-intensive/index.html]
[www.economicshelp.org/blog/glossary/capital-labour-ratio/index.html]
[www.economicshelp.org/blog/glossary/capital-widening/index.html]
[www.economicshelp.org/blog/glossary/capitalism-v-socialism/index.html]
[www.economicshelp.org/wp-content/plugins/woocommerce/assets/css/photoswipe/photoswipe.min2cfc.css]
[www.economicshelp.org/blog/glossary/capitalist/index.html]
[www.economicshelp.org/blog/glossary/capitalist-economic-system/index.html]
[www.economicshelp.org/blog/glossary/carbon-tax/index.html]
[www.economicshelp.org/wp-content/plugins/woocommerce/assets/css/photoswipe/default-skin/default-skin.min2cfc.css]
[www.economicshelp.org/blog/glossary/carbon-trading-definition/index.html]
[www.economicshelp.org/wp-json/wp/v2/product/2295.json]
[www.economicshelp.org/blog/glossary/cardinal-utility/index.html]
[www.economicshelp.org/blog/glossary/cash-flow/index.html]
[www.economicshelp.org/blog/glossary/cartels/index.html]
[www.economicshelp.org/blog/glossary/cash-ratio/index.html]
[www.economicshelp.org/blog/glossary/ceiling-prices/index.html]
[www.economicshelp.org/blog/glossary/central-planning/index.html]
[www.economicshelp.org/blog/glossary/ceteris-paribus/index.html]
[www.economicshelp.org/blog/glossary/chicago-school/index.html]
[www.economicshelp.org/blog/glossary/choice-architecture/index.html]
[www.economicshelp.org/blog/glossary/classical-unemployment/index.html]
[www.economicshelp.org/blog/glossary/cobweb-theory/index.html]
[www.economicshelp.org/blog/glossary/cognitive-bias-in-economics/index.html]
[www.economicshelp.org/blog/glossary/compensated-demand-curve/index.html]
[www.economicshelp.org/blog/glossary/command-economy/index.html]
[www.economicshelp.org/blog/glossary/compensating-wage-differential/index.html]
[www.economicshelp.org/wp-content/uploads/2015/08/Sample-OCR-revision-guide.pdf]
[www.economicshelp.org/shop/revision-guide/index.html]
[www.economicshelp.org/indexcf4d.html]
[www.economicshelp.org/shop/a-level-essays/index.html]
[www.economicshelp.org/index2c35.html]
[www.economicshelp.org/shop/study-tips-economics/index.html]
[www.economicshelp.org/index5e6a.html]
[www.economicshelp.org/shop/as-revision-guide/index.html]
[www.economicshelp.org/indexd43c.html]
[www.economicshelp.org/shop/cracking-economics/index.html]
[www.economicshelp.org/index90f1.html]
[www.economicshelp.org/macroeconomics/economic-growth/index.html]
[www.economicshelp.org/macroeconomics/fiscal-policy/fiscal_policy/index.html]
[www.economicshelp.org/macroeconomics/monetary-policy/index.html]
[www.economicshelp.org/macroeconomics/inflation/index.html]
[www.economicshelp.org/trade/index.html]
[www.economicshelp.org/blog/31/supply-side/supply-side-policies/index.html]
[www.economicshelp.org/macroeconomics/unemployment/index.html]
[www.economicshelp.org/microessays/equilibrium/price-elasticity-demand/index.html]
[www.economicshelp.org/micro-economic-essays/marketfailure/index.html]
[www.economicshelp.org/microessays/equilibrium/govt-intervention/index.html]
[www.economicshelp.org/blog/glossary/behavioural-economics/index.html]
[www.economicshelp.org/blog/glossary/compensation-principle/index.html]
[www.economicshelp.org/blog/glossary/competition-policy/index.html]
[www.economicshelp.org/labour-markets/index.html]
[www.economicshelp.org/microessays/markets/index.html]
[www.economicshelp.org/blog/glossary/competition-commission/index.html]
[www.economicshelp.org/blog/160660/economics/explaining-supply-and-demand-2/index.html]
[www.economicshelp.org/blog/171099/economics/britains-new-winter-of-discontent/index.html]
[www.economicshelp.org/blog/5604/economics/uk-bond-yields-explained/index.html]
[www.economicshelp.org/blog/171036/economics/russia-v-europe-impact-of-economic-sanctions/index.html]
[www.economicshelp.org/blog/171028/economics/the-uks-self-imposed-economic-crisis-explained/index.html]
[www.economicshelp.org/blog/171017/economics/why-rising-interest-rates-would-hurt-the-uk-economy/index.html]
[www.economicshelp.org/blog/170996/economics/the-effect-of-fall-in-pound-sterling/index.html]
[www.economicshelp.org/reviews-economics-help/index.html]
[www.economicshelp.org/blog/166383/economics/economics-without-the-boring-bits-new-book/index.html]
[www.economicshelp.org/blog/12640/economics/ask-question-2015/index.html]
[www.economicshelp.org/about-2/index.html]
[www.economicshelp.org/terms-and-conditions/index.html]
[www.economicshelp.org/help/privacy/index.html]
[www.economicshelp.org/checkout/index.html]
[www.economicshelp.org/wp-content/plugins/cookie-law-info/public/images/logo-cookieyes.svg]
[www.economicshelp.org/wp-content/plugins/cookie-law-info/public/css/cookie-law-info-table431f.css]
[www.economicshelp.org/wp-content/plugins/woocommerce/assets/fonts/star.svg]
[www.economicshelp.org/wp-content/plugins/woocommerce/assets/fonts/WooCommerce.svg]
[www.economicshelp.org/wp-content/plugins/woocommerce/assets/images/icons/loader.svg]
[www.economicshelp.org/wp-content/plugins/woocommerce/assets/images/icons/credit-cards/visa.svg]
[www.economicshelp.org/wp-content/plugins/woocommerce/assets/images/icons/credit-cards/mastercard.svg]
[www.economicshelp.org/wp-content/plugins/woocommerce/assets/images/icons/credit-cards/laser.svg]
[www.economicshelp.org/wp-content/plugins/woocommerce/assets/images/icons/credit-cards/diners.svg]
[www.economicshelp.org/wp-content/plugins/woocommerce/assets/images/icons/credit-cards/maestro.svg]
[www.economicshelp.org/wp-content/plugins/woocommerce/assets/images/icons/credit-cards/jcb.svg]
[www.economicshelp.org/wp-content/plugins/woocommerce/assets/images/icons/credit-cards/amex.svg]
[www.economicshelp.org/wp-content/plugins/woocommerce/assets/images/icons/credit-cards/discover.svg]
[www.economicshelp.org/wp-content/themes/generatepress/assets/fonts/generatepress.svg]
[www.economicshelp.org/wp-content/plugins/gp-premium/general/icons/gp-premium.svg]
[www.economicshelp.org/wp-content/plugins/woocommerce/assets/css/select22cfc.css]
[www.economicshelp.org/wp-content/plugins/woocommerce-gateway-stripe/assets/css/stripe-stylesbdeb.css]
[www.economicshelp.org/index9fbb.html]
[www.economicshelp.org/blog/author/tejvan/index.html]
[www.economicshelp.org/shop/gcse-economics/index.html]
[www.economicshelp.org/blog/76/economics/wall-street-crash-1929/index.html]
[www.economicshelp.org/blog/5948/economics/uk-economy-in-the-1920s/index.html]
[www.economicshelp.org/blog/6801/economics/keynesian-economics/index.html]
[www.economicshelp.org/blog/634/economics/the-problem-with-printing-money/index.html]
[www.economicshelp.org/blog/749/economics/understanding-exchange-rate/index.html]
[www.economicshelp.org/blog/6399/economics/impact-of-immigration-on-uk-economy/index.html]
[www.economicshelp.org/blog/glossary/seigniorage/index.html]
[www.economicshelp.org/stats/index.html]
[www.economicshelp.org/wp-content/plugins/gp-premium/blog/functions/css/featured-images.min431f.css]
[www.economicshelp.org/shop/page/2/index.html]
[www.economicshelp.org/shop/indexcf4d.html]
[www.economicshelp.org/shop/index2c35.html]
[www.economicshelp.org/shop/as-essays/index.html]
[www.economicshelp.org/shop/index9cd5.html]
[www.economicshelp.org/shop/indexd43c.html]
[www.economicshelp.org/shop/aqa-revision-guide/index.html]
[www.economicshelp.org/shop/index0cec.html]
[www.economicshelp.org/shop/index90f1.html]
[www.economicshelp.org/shop/index5e6a.html]
[www.economicshelp.org/shop/index08e1.html]
[www.economicshelp.org/shop/page/3/index.html]
[www.economicshelp.org/indexb357.html]
[www.economicshelp.org/blog/glossary/apriori/index.html]
[www.economicshelp.org/blog/glossary/ability-to-pay/index.html]
[www.economicshelp.org/blog/glossary/absolute-advantage/index.html]
[www.economicshelp.org/blog/glossary/absorbed-costs/index.html]
[www.economicshelp.org/blog/glossary/absorption/index.html]
[www.economicshelp.org/blog/glossary/accelerated-depreciation/index.html]
[www.economicshelp.org/blog/glossary/accommodatory-monetary-policy/index.html]
[www.economicshelp.org/blog/glossary/actuary/index.html]
[www.economicshelp.org/blog/glossary/adaptive-expectations/index.html]
[www.economicshelp.org/blog/glossary/adjustable-peg/index.html]
[www.economicshelp.org/blog/glossary/adjustment-costs/index.html]
[www.economicshelp.org/blog/glossary/adverse-selection/index.html]
[www.economicshelp.org/blog/glossary/after-sales-service/index.html]
[www.economicshelp.org/blog/glossary/after-tax-income/index.html]
[www.economicshelp.org/blog/glossary/agglomeration-economies/index.html]
[www.economicshelp.org/blog/glossary/aggregate-supply/index.html]
[www.economicshelp.org/blog/glossary/agricultural-protection/index.html]
[www.economicshelp.org/blog/glossary/all-share/index.html]
[www.economicshelp.org/blog/glossary/allocative-efficiency/index.html]
[www.economicshelp.org/blog/glossary/announcement-effect/index.html]
[www.economicshelp.org/blog/glossary/anti-dumping/index.html]
[www.economicshelp.org/blog/glossary/anti-pollution/index.html]
[www.economicshelp.org/blog/glossary/anti-trust/index.html]
[www.economicshelp.org/blog/glossary/arbitrage-what-is-it/index.html]
[www.economicshelp.org/blog/glossary/arbitration/index.html]
[www.economicshelp.org/blog/glossary/arc-elasticity/index.html]
[www.economicshelp.org/blog/glossary/arithmetic-mean/index.html]
[www.economicshelp.org/blog/glossary/financial-crisis-asia-1997/index.html]
[www.economicshelp.org/blog/glossary/assembly-lines/index.html]
[www.economicshelp.org/blog/glossary/asset-motive/index.html]
[www.economicshelp.org/blog/glossary/asset-prices/index.html]
[www.economicshelp.org/blog/glossary/asset-stripping/index.html]
[www.economicshelp.org/blog/glossary/assisted-areas/index.html]
[www.economicshelp.org/blog/glossary/asymmetric-information/index.html]
[www.economicshelp.org/blog/glossary/atomistic-competition/index.html]
[www.economicshelp.org/blog/glossary/auction-theory/index.html]
[www.economicshelp.org/blog/glossary/audit/index.html]
[www.economicshelp.org/blog/glossary/austrian-school/index.html]
[www.economicshelp.org/blog/glossary/autarky/index.html]
[www.economicshelp.org/blog/glossary/automatic-stabilisers/index.html]
[www.economicshelp.org/blog/glossary/automation-meaning-and-examples/index.html]
[www.economicshelp.org/blog/glossary/autonomous-consumption/index.html]
[www.economicshelp.org/blog/glossary/average-costs/index.html]
[www.economicshelp.org/blog/glossary/average-cost-pricing/index.html]
[www.economicshelp.org/blog/glossary/avoidable-costs/index.html]
[www.economicshelp.org/blog/glossary/backward-bending-supply/index.html]
[www.economicshelp.org/blog/glossary/balance-payments/index.html]
[www.economicshelp.org/blog/glossary/balance-of-trade/index.html]
[www.economicshelp.org/blog/glossary/balanced-budget/index.html]
[www.economicshelp.org/blog/glossary/balanced-growth/index.html]
[www.economicshelp.org/blog/glossary/bank-deposit-insurance/index.html]
[www.economicshelp.org/blog/glossary/bank-deposit-protection/index.html]
[www.economicshelp.org/blog/glossary/bank-loans/index.html]
[www.economicshelp.org/blog/glossary/bank-notes/index.html]
[www.economicshelp.org/blog/glossary/bank-england/index.html]
[www.economicshelp.org/blog/glossary/bank-england-exchange-rates/index.html]
[www.economicshelp.org/blog/glossary/bank-england-interest-rates/index.html]
